// Jest Snapshot v1, https://goo.gl/fbAQLP

exports[`check constructor 1`] = `
Object {
  "component": CreditCardField {
    "$$": Object {
      "after_update": Array [],
      "before_update": Array [],
      "bound": Object {},
      "callbacks": Object {},
      "context": Map {},
      "ctx": Array [
        "fieldValue",
        "1",
        "iconclass",
        "placeHolder",
        "",
        undefined,
        [Function],
      ],
      "dirty": Array [
        -1,
      ],
      "fragment": Object {
        "c": [Function],
        "d": [Function],
        "i": [Function],
        "l": [Function],
        "m": [Function],
        "o": [Function],
        "p": [Function],
      },
      "not_equal": [Function],
      "on_destroy": Array [
        [Function],
      ],
      "on_disconnect": Array [],
      "on_mount": Array [],
      "props": Object {
        "fieldBlur": 5,
        "fieldError": 4,
        "fieldName": 1,
        "fieldPlaceHolder": 3,
        "fieldValue": 0,
        "filedIconClass": 2,
      },
      "skip_bound": false,
      "update": [Function],
    },
    "$$set": [Function],
    "$capture_state": [Function],
    "$inject_state": [Function],
  },
  "container": <body>
    <div>
      <div
        class="input-group input-group-lg mb-3"
        data-testid="maindiv1"
      >
        <span
          class="input-group-text"
        >
          <i
            class="iconclass"
            data-testid="icon1"
          />
        </span>
         
        <input
          class="form-control"
          data-testid="input1"
          name="1"
          placeholder="placeHolder"
          type="text"
        />
         
      </div>
    </div>
  </body>,
  "debug": [Function],
  "findAllByAltText": [Function],
  "findAllByDisplayValue": [Function],
  "findAllByLabelText": [Function],
  "findAllByPlaceholderText": [Function],
  "findAllByRole": [Function],
  "findAllByTestId": [Function],
  "findAllByText": [Function],
  "findAllByTitle": [Function],
  "findByAltText": [Function],
  "findByDisplayValue": [Function],
  "findByLabelText": [Function],
  "findByPlaceholderText": [Function],
  "findByRole": [Function],
  "findByTestId": [Function],
  "findByText": [Function],
  "findByTitle": [Function],
  "getAllByAltText": [Function],
  "getAllByDisplayValue": [Function],
  "getAllByLabelText": [Function],
  "getAllByPlaceholderText": [Function],
  "getAllByRole": [Function],
  "getAllByTestId": [Function],
  "getAllByText": [Function],
  "getAllByTitle": [Function],
  "getByAltText": [Function],
  "getByDisplayValue": [Function],
  "getByLabelText": [Function],
  "getByPlaceholderText": [Function],
  "getByRole": [Function],
  "getByTestId": [Function],
  "getByText": [Function],
  "getByTitle": [Function],
  "queryAllByAltText": [Function],
  "queryAllByDisplayValue": [Function],
  "queryAllByLabelText": [Function],
  "queryAllByPlaceholderText": [Function],
  "queryAllByRole": [Function],
  "queryAllByTestId": [Function],
  "queryAllByText": [Function],
  "queryAllByTitle": [Function],
  "queryByAltText": [Function],
  "queryByDisplayValue": [Function],
  "queryByLabelText": [Function],
  "queryByPlaceholderText": [Function],
  "queryByRole": [Function],
  "queryByTestId": [Function],
  "queryByText": [Function],
  "queryByTitle": [Function],
  "rerender": [Function],
  "unmount": [Function],
}
`;
